[
  {
    "case": "huge-programmatic-integer",
    "escaped_exception": true,
    "exception_type": "ValueError",
    "message": "Exceeds the limit (4300 digits) for integer string conversion; use sys.set_int_max_str_digits() to increase the limit"
  },
  {
    "case": "escaped-unpaired-surrogate",
    "escaped_exception": true,
    "exception_type": "UnicodeEncodeError",
    "message": "'utf-8' codec can't encode character '\\ud800' in position 580: surrogates not allowed"
  },
  {
    "case": "thirteen-digit-integer-literal",
    "escaped_exception": false,
    "verdict": "no_counterexample_in_instance"
  },
  {
    "case": "thirteen-digit-string-literal",
    "escaped_exception": false,
    "verdict": "no_counterexample_in_instance"
  }
]

