{"diagnostics_consistent": true, "direct_call_count": 771, "direct_nanoseconds": 309453000, "direct_results_sha256": "98d8462e4fe3475af8f65ede32b2ad4130d06d1939058d63011f3e99a21f202b", "direct_seconds": 0.309453, "order": "direct-first", "result_dictionaries_equal": true, "round": 1, "symmetry_diagnostics": {"capacity": 771, "core_calls": 69, "evictions": 0, "hits": 702, "misses": 69, "size": 69}, "symmetry_nanoseconds": 109350800, "symmetry_results_sha256": "98d8462e4fe3475af8f65ede32b2ad4130d06d1939058d63011f3e99a21f202b", "symmetry_seconds": 0.1093508}
{"diagnostics_consistent": true, "direct_call_count": 771, "direct_nanoseconds": 334555300, "direct_results_sha256": "98d8462e4fe3475af8f65ede32b2ad4130d06d1939058d63011f3e99a21f202b", "direct_seconds": 0.3345553, "order": "symmetry-first", "result_dictionaries_equal": true, "round": 2, "symmetry_diagnostics": {"capacity": 771, "core_calls": 69, "evictions": 0, "hits": 702, "misses": 69, "size": 69}, "symmetry_nanoseconds": 116714800, "symmetry_results_sha256": "98d8462e4fe3475af8f65ede32b2ad4130d06d1939058d63011f3e99a21f202b", "symmetry_seconds": 0.1167148}
{"diagnostics_consistent": true, "direct_call_count": 771, "direct_nanoseconds": 342644500, "direct_results_sha256": "98d8462e4fe3475af8f65ede32b2ad4130d06d1939058d63011f3e99a21f202b", "direct_seconds": 0.3426445, "order": "direct-first", "result_dictionaries_equal": true, "round": 3, "symmetry_diagnostics": {"capacity": 771, "core_calls": 69, "evictions": 0, "hits": 702, "misses": 69, "size": 69}, "symmetry_nanoseconds": 128103400, "symmetry_results_sha256": "98d8462e4fe3475af8f65ede32b2ad4130d06d1939058d63011f3e99a21f202b", "symmetry_seconds": 0.1281034}
{"diagnostics_consistent": true, "direct_call_count": 771, "direct_nanoseconds": 310021500, "direct_results_sha256": "98d8462e4fe3475af8f65ede32b2ad4130d06d1939058d63011f3e99a21f202b", "direct_seconds": 0.3100215, "order": "symmetry-first", "result_dictionaries_equal": true, "round": 4, "symmetry_diagnostics": {"capacity": 771, "core_calls": 69, "evictions": 0, "hits": 702, "misses": 69, "size": 69}, "symmetry_nanoseconds": 104621700, "symmetry_results_sha256": "98d8462e4fe3475af8f65ede32b2ad4130d06d1939058d63011f3e99a21f202b", "symmetry_seconds": 0.1046217}
{"diagnostics_consistent": true, "direct_call_count": 771, "direct_nanoseconds": 345116800, "direct_results_sha256": "98d8462e4fe3475af8f65ede32b2ad4130d06d1939058d63011f3e99a21f202b", "direct_seconds": 0.3451168, "order": "direct-first", "result_dictionaries_equal": true, "round": 5, "symmetry_diagnostics": {"capacity": 771, "core_calls": 69, "evictions": 0, "hits": 702, "misses": 69, "size": 69}, "symmetry_nanoseconds": 105875800, "symmetry_results_sha256": "98d8462e4fe3475af8f65ede32b2ad4130d06d1939058d63011f3e99a21f202b", "symmetry_seconds": 0.1058758}
{"diagnostics_consistent": true, "direct_call_count": 771, "direct_nanoseconds": 336570700, "direct_results_sha256": "98d8462e4fe3475af8f65ede32b2ad4130d06d1939058d63011f3e99a21f202b", "direct_seconds": 0.3365707, "order": "symmetry-first", "result_dictionaries_equal": true, "round": 6, "symmetry_diagnostics": {"capacity": 771, "core_calls": 69, "evictions": 0, "hits": 702, "misses": 69, "size": 69}, "symmetry_nanoseconds": 107211200, "symmetry_results_sha256": "98d8462e4fe3475af8f65ede32b2ad4130d06d1939058d63011f3e99a21f202b", "symmetry_seconds": 0.1072112}
{"diagnostics_consistent": true, "direct_call_count": 771, "direct_nanoseconds": 359689100, "direct_results_sha256": "98d8462e4fe3475af8f65ede32b2ad4130d06d1939058d63011f3e99a21f202b", "direct_seconds": 0.3596891, "order": "direct-first", "result_dictionaries_equal": true, "round": 7, "symmetry_diagnostics": {"capacity": 771, "core_calls": 69, "evictions": 0, "hits": 702, "misses": 69, "size": 69}, "symmetry_nanoseconds": 113915900, "symmetry_results_sha256": "98d8462e4fe3475af8f65ede32b2ad4130d06d1939058d63011f3e99a21f202b", "symmetry_seconds": 0.1139159}
{"diagnostics_consistent": true, "direct_call_count": 771, "direct_nanoseconds": 332217200, "direct_results_sha256": "98d8462e4fe3475af8f65ede32b2ad4130d06d1939058d63011f3e99a21f202b", "direct_seconds": 0.3322172, "order": "symmetry-first", "result_dictionaries_equal": true, "round": 8, "symmetry_diagnostics": {"capacity": 771, "core_calls": 69, "evictions": 0, "hits": 702, "misses": 69, "size": 69}, "symmetry_nanoseconds": 125327700, "symmetry_results_sha256": "98d8462e4fe3475af8f65ede32b2ad4130d06d1939058d63011f3e99a21f202b", "symmetry_seconds": 0.1253277}
{"diagnostics_consistent": true, "direct_call_count": 771, "direct_nanoseconds": 337639400, "direct_results_sha256": "98d8462e4fe3475af8f65ede32b2ad4130d06d1939058d63011f3e99a21f202b", "direct_seconds": 0.3376394, "order": "direct-first", "result_dictionaries_equal": true, "round": 9, "symmetry_diagnostics": {"capacity": 771, "core_calls": 69, "evictions": 0, "hits": 702, "misses": 69, "size": 69}, "symmetry_nanoseconds": 106665800, "symmetry_results_sha256": "98d8462e4fe3475af8f65ede32b2ad4130d06d1939058d63011f3e99a21f202b", "symmetry_seconds": 0.1066658}
{"diagnostics_consistent": true, "direct_call_count": 771, "direct_nanoseconds": 312679000, "direct_results_sha256": "98d8462e4fe3475af8f65ede32b2ad4130d06d1939058d63011f3e99a21f202b", "direct_seconds": 0.312679, "order": "symmetry-first", "result_dictionaries_equal": true, "round": 10, "symmetry_diagnostics": {"capacity": 771, "core_calls": 69, "evictions": 0, "hits": 702, "misses": 69, "size": 69}, "symmetry_nanoseconds": 129310600, "symmetry_results_sha256": "98d8462e4fe3475af8f65ede32b2ad4130d06d1939058d63011f3e99a21f202b", "symmetry_seconds": 0.1293106}
{"diagnostics_consistent": true, "direct_call_count": 771, "direct_nanoseconds": 313044700, "direct_results_sha256": "98d8462e4fe3475af8f65ede32b2ad4130d06d1939058d63011f3e99a21f202b", "direct_seconds": 0.3130447, "order": "direct-first", "result_dictionaries_equal": true, "round": 11, "symmetry_diagnostics": {"capacity": 771, "core_calls": 69, "evictions": 0, "hits": 702, "misses": 69, "size": 69}, "symmetry_nanoseconds": 101286500, "symmetry_results_sha256": "98d8462e4fe3475af8f65ede32b2ad4130d06d1939058d63011f3e99a21f202b", "symmetry_seconds": 0.1012865}
{"diagnostics_consistent": true, "direct_call_count": 771, "direct_nanoseconds": 332763900, "direct_results_sha256": "98d8462e4fe3475af8f65ede32b2ad4130d06d1939058d63011f3e99a21f202b", "direct_seconds": 0.3327639, "order": "symmetry-first", "result_dictionaries_equal": true, "round": 12, "symmetry_diagnostics": {"capacity": 771, "core_calls": 69, "evictions": 0, "hits": 702, "misses": 69, "size": 69}, "symmetry_nanoseconds": 112463100, "symmetry_results_sha256": "98d8462e4fe3475af8f65ede32b2ad4130d06d1939058d63011f3e99a21f202b", "symmetry_seconds": 0.1124631}
{"diagnostics_consistent": true, "direct_call_count": 771, "direct_nanoseconds": 308451600, "direct_results_sha256": "98d8462e4fe3475af8f65ede32b2ad4130d06d1939058d63011f3e99a21f202b", "direct_seconds": 0.3084516, "order": "direct-first", "result_dictionaries_equal": true, "round": 13, "symmetry_diagnostics": {"capacity": 771, "core_calls": 69, "evictions": 0, "hits": 702, "misses": 69, "size": 69}, "symmetry_nanoseconds": 106507000, "symmetry_results_sha256": "98d8462e4fe3475af8f65ede32b2ad4130d06d1939058d63011f3e99a21f202b", "symmetry_seconds": 0.106507}
{"diagnostics_consistent": true, "direct_call_count": 771, "direct_nanoseconds": 306228900, "direct_results_sha256": "98d8462e4fe3475af8f65ede32b2ad4130d06d1939058d63011f3e99a21f202b", "direct_seconds": 0.3062289, "order": "symmetry-first", "result_dictionaries_equal": true, "round": 14, "symmetry_diagnostics": {"capacity": 771, "core_calls": 69, "evictions": 0, "hits": 702, "misses": 69, "size": 69}, "symmetry_nanoseconds": 109733300, "symmetry_results_sha256": "98d8462e4fe3475af8f65ede32b2ad4130d06d1939058d63011f3e99a21f202b", "symmetry_seconds": 0.1097333}
{"diagnostics_consistent": true, "direct_call_count": 771, "direct_nanoseconds": 293090700, "direct_results_sha256": "98d8462e4fe3475af8f65ede32b2ad4130d06d1939058d63011f3e99a21f202b", "direct_seconds": 0.2930907, "order": "direct-first", "result_dictionaries_equal": true, "round": 15, "symmetry_diagnostics": {"capacity": 771, "core_calls": 69, "evictions": 0, "hits": 702, "misses": 69, "size": 69}, "symmetry_nanoseconds": 98914500, "symmetry_results_sha256": "98d8462e4fe3475af8f65ede32b2ad4130d06d1939058d63011f3e99a21f202b", "symmetry_seconds": 0.0989145}
{"diagnostics_consistent": true, "direct_call_count": 771, "direct_nanoseconds": 364323800, "direct_results_sha256": "98d8462e4fe3475af8f65ede32b2ad4130d06d1939058d63011f3e99a21f202b", "direct_seconds": 0.3643238, "order": "symmetry-first", "result_dictionaries_equal": true, "round": 16, "symmetry_diagnostics": {"capacity": 771, "core_calls": 69, "evictions": 0, "hits": 702, "misses": 69, "size": 69}, "symmetry_nanoseconds": 109053100, "symmetry_results_sha256": "98d8462e4fe3475af8f65ede32b2ad4130d06d1939058d63011f3e99a21f202b", "symmetry_seconds": 0.1090531}
{"diagnostics_consistent": true, "direct_call_count": 771, "direct_nanoseconds": 298438000, "direct_results_sha256": "98d8462e4fe3475af8f65ede32b2ad4130d06d1939058d63011f3e99a21f202b", "direct_seconds": 0.298438, "order": "direct-first", "result_dictionaries_equal": true, "round": 17, "symmetry_diagnostics": {"capacity": 771, "core_calls": 69, "evictions": 0, "hits": 702, "misses": 69, "size": 69}, "symmetry_nanoseconds": 103523600, "symmetry_results_sha256": "98d8462e4fe3475af8f65ede32b2ad4130d06d1939058d63011f3e99a21f202b", "symmetry_seconds": 0.1035236}
{"diagnostics_consistent": true, "direct_call_count": 771, "direct_nanoseconds": 321119700, "direct_results_sha256": "98d8462e4fe3475af8f65ede32b2ad4130d06d1939058d63011f3e99a21f202b", "direct_seconds": 0.3211197, "order": "symmetry-first", "result_dictionaries_equal": true, "round": 18, "symmetry_diagnostics": {"capacity": 771, "core_calls": 69, "evictions": 0, "hits": 702, "misses": 69, "size": 69}, "symmetry_nanoseconds": 100588000, "symmetry_results_sha256": "98d8462e4fe3475af8f65ede32b2ad4130d06d1939058d63011f3e99a21f202b", "symmetry_seconds": 0.100588}
{"diagnostics_consistent": true, "direct_call_count": 771, "direct_nanoseconds": 321665900, "direct_results_sha256": "98d8462e4fe3475af8f65ede32b2ad4130d06d1939058d63011f3e99a21f202b", "direct_seconds": 0.3216659, "order": "direct-first", "result_dictionaries_equal": true, "round": 19, "symmetry_diagnostics": {"capacity": 771, "core_calls": 69, "evictions": 0, "hits": 702, "misses": 69, "size": 69}, "symmetry_nanoseconds": 118830000, "symmetry_results_sha256": "98d8462e4fe3475af8f65ede32b2ad4130d06d1939058d63011f3e99a21f202b", "symmetry_seconds": 0.11883}
{"diagnostics_consistent": true, "direct_call_count": 771, "direct_nanoseconds": 318919400, "direct_results_sha256": "98d8462e4fe3475af8f65ede32b2ad4130d06d1939058d63011f3e99a21f202b", "direct_seconds": 0.3189194, "order": "symmetry-first", "result_dictionaries_equal": true, "round": 20, "symmetry_diagnostics": {"capacity": 771, "core_calls": 69, "evictions": 0, "hits": 702, "misses": 69, "size": 69}, "symmetry_nanoseconds": 109682700, "symmetry_results_sha256": "98d8462e4fe3475af8f65ede32b2ad4130d06d1939058d63011f3e99a21f202b", "symmetry_seconds": 0.1096827}
{"diagnostics_consistent": true, "direct_call_count": 771, "direct_nanoseconds": 315271400, "direct_results_sha256": "98d8462e4fe3475af8f65ede32b2ad4130d06d1939058d63011f3e99a21f202b", "direct_seconds": 0.3152714, "order": "direct-first", "result_dictionaries_equal": true, "round": 21, "symmetry_diagnostics": {"capacity": 771, "core_calls": 69, "evictions": 0, "hits": 702, "misses": 69, "size": 69}, "symmetry_nanoseconds": 116440800, "symmetry_results_sha256": "98d8462e4fe3475af8f65ede32b2ad4130d06d1939058d63011f3e99a21f202b", "symmetry_seconds": 0.1164408}
{
  "argv": [
    "scripts/run_symmetry_benchmark.py",
    "--output-dir",
    "logs/benchmark-attempt-01"
  ],
  "caveat": "Wall-clock timings are machine- and load-dependent; the measured ratio applies only to this finite frozen workload on this recorded environment.",
  "command": "uv run python scripts/run_symmetry_benchmark.py --output-dir logs/benchmark-attempt-XX",
  "direct_call_count_all_measured_rounds": 16191,
  "direct_call_count_per_round": 771,
  "direct_median_nanoseconds": 321119700,
  "direct_median_seconds": 0.3211197,
  "direct_times_nanoseconds": [
    309453000,
    334555300,
    342644500,
    310021500,
    345116800,
    336570700,
    359689100,
    332217200,
    337639400,
    312679000,
    313044700,
    332763900,
    308451600,
    306228900,
    293090700,
    364323800,
    298438000,
    321119700,
    321665900,
    318919400,
    315271400
  ],
  "direct_times_seconds": [
    0.309453,
    0.3345553,
    0.3426445,
    0.3100215,
    0.3451168,
    0.3365707,
    0.3596891,
    0.3322172,
    0.3376394,
    0.312679,
    0.3130447,
    0.3327639,
    0.3084516,
    0.3062289,
    0.2930907,
    0.3643238,
    0.298438,
    0.3211197,
    0.3216659,
    0.3189194,
    0.3152714
  ],
  "equal_round_count": 21,
  "exact_result_dictionary_equality_outside_timers": true,
  "implementation": "CPython",
  "median_direct_over_symmetry_ratio": 2.9366012868675857,
  "median_time_saved_fraction": 0.6594702847567433,
  "order": "alternating; odd rounds direct-first, even rounds symmetry-first",
  "paired_round_count": 21,
  "passed": true,
  "platform": "Windows-10-10.0.19045-SP0",
  "processor": "Intel64 Family 6 Model 158 Stepping 10, GenuineIntel",
  "python": "3.13.7 (main, Sep 18 2025, 19:43:45) [MSC v.1944 64 bit (AMD64)]",
  "rounds_path": "logs/benchmark-attempt-01/rounds.jsonl",
  "schema_version": "1.0",
  "source_sha256": {
    "scripts/run_symmetry_benchmark.py": "519c701763a50b08c7cab76821f382c0494f9a0bed7a3b3ff9de34794c843ede",
    "src/atlas_engine/analysis.py": "5583b849fd430d075acb527d02ab91a588bc268235b5bf74af62a83bc13be32e",
    "src/atlas_engine/linear.py": "2b8a6c5a707536394f97f914290976e9d9afb83345aa3e5e64c3234089d15236",
    "src/atlas_engine/markov.py": "05502e10b4d73b020e8d89e906462601b428d1b5d107ea7f187c871b875194aa",
    "src/atlas_engine/resistance.py": "7eac894cadc2b6e7b49c5502562169fb0234f9c59cbff9192ade6393d048b69d",
    "src/atlas_engine/symmetry.py": "5d4c502a7d3b8116664aef00c3ff6627672d90221d6b4e08e0f031f1a468333e",
    "src/atlas_engine/trees.py": "fd36f614a7db95765426c2d39166dd3790d043887d5cf4ccfa57dfc0adeea01d",
    "src/atlas_engine/validation.py": "1542daeb241bbca99d7cbe858d1c19c5facab694ab0a93339daed9e67b368490",
    "task-spec.md": "2446b9f007bbebaa942baf680b4750907027551d7fbfa916b20339563c6c3b0e"
  },
  "started_at_unix_seconds": 1788828518.993056,
  "symmetry_core_calls_all_measured_rounds": 1449,
  "symmetry_core_calls_per_round": [
    69,
    69,
    69,
    69,
    69,
    69,
    69,
    69,
    69,
    69,
    69,
    69,
    69,
    69,
    69,
    69,
    69,
    69,
    69,
    69,
    69
  ],
  "symmetry_evictions_all_measured_rounds": 0,
  "symmetry_evictions_per_round": [
    0,
    0,
    0,
    0,
    0,
    0,
    0,
    0,
    0,
    0,
    0,
    0,
    0,
    0,
    0,
    0,
    0,
    0,
    0,
    0,
    0
  ],
  "symmetry_hits_all_measured_rounds": 14742,
  "symmetry_hits_per_round": [
    702,
    702,
    702,
    702,
    702,
    702,
    702,
    702,
    702,
    702,
    702,
    702,
    702,
    702,
    702,
    702,
    702,
    702,
    702,
    702,
    702
  ],
  "symmetry_median_nanoseconds": 109350800,
  "symmetry_median_seconds": 0.1093508,
  "symmetry_misses_all_measured_rounds": 1449,
  "symmetry_misses_per_round": [
    69,
    69,
    69,
    69,
    69,
    69,
    69,
    69,
    69,
    69,
    69,
    69,
    69,
    69,
    69,
    69,
    69,
    69,
    69,
    69,
    69
  ],
  "symmetry_times_nanoseconds": [
    109350800,
    116714800,
    128103400,
    104621700,
    105875800,
    107211200,
    113915900,
    125327700,
    106665800,
    129310600,
    101286500,
    112463100,
    106507000,
    109733300,
    98914500,
    109053100,
    103523600,
    100588000,
    118830000,
    109682700,
    116440800
  ],
  "symmetry_times_seconds": [
    0.1093508,
    0.1167148,
    0.1281034,
    0.1046217,
    0.1058758,
    0.1072112,
    0.1139159,
    0.1253277,
    0.1066658,
    0.1293106,
    0.1012865,
    0.1124631,
    0.106507,
    0.1097333,
    0.0989145,
    0.1090531,
    0.1035236,
    0.100588,
    0.11883,
    0.1096827,
    0.1164408
  ],
  "timing_scope": {
    "direct": "all 771 unchanged analyze_graph calls and all public outputs/checks",
    "excluded": "workload generation, result dictionary equality, result hashing, and artifact writes",
    "symmetry": "fresh analyzer construction, validation, canonicalization, cache misses/hits, unchanged core calls, output transport, and checks"
  },
  "total_runtime_seconds": 10.05928909999784,
  "warmup": {
    "direct_batch_count": 1,
    "result_dictionaries_equal": true,
    "separate_discarded_batches": true,
    "symmetry_batch_count": 1,
    "symmetry_diagnostics": {
      "capacity": 771,
      "core_calls": 69,
      "evictions": 0,
      "hits": 702,
      "misses": 69,
      "size": 69
    }
  },
  "working_directory": "D:\\CodexWorkspaces\\mathematics-atlas\\symmetry-work",
  "workload": {
    "counts_by_n": {
      "2": 1,
      "3": 4,
      "4": 38,
      "5": 728
    },
    "generated_outside_timing": true,
    "input_count": 771,
    "selection_policy": "lexicographically first existing edge per labelled connected graph",
    "workload_path": "logs/benchmark-attempt-01/workload.jsonl"
  }
}

